---
source: crates/crochet_parser/src/lib.rs
expression: "parse(\"let {a, b, ...rest} = letters;\")"
---
Ok(
    Program {
        body: [
            VarDecl {
                span: 0..30,
                pattern: Pattern {
                    span: 4..19,
                    kind: Object(
                        ObjectPat {
                            props: [
                                Assign(
                                    AssignPatProp {
                                        span: 5..6,
                                        key: Ident {
                                            span: 5..6,
                                            name: "a",
                                        },
                                        value: None,
                                    },
                                ),
                                Assign(
                                    AssignPatProp {
                                        span: 8..9,
                                        key: Ident {
                                            span: 8..9,
                                            name: "b",
                                        },
                                        value: None,
                                    },
                                ),
                                Rest(
                                    RestPat {
                                        arg: Pattern {
                                            span: 14..18,
                                            kind: Ident(
                                                BindingIdent {
                                                    name: "rest",
                                                    mutable: false,
                                                    span: 14..18,
                                                },
                                            ),
                                            inferred_type: None,
                                        },
                                    },
                                ),
                            ],
                            optional: false,
                        },
                    ),
                    inferred_type: None,
                },
                type_ann: None,
                init: Some(
                    Expr {
                        span: 22..29,
                        kind: Ident(
                            Ident {
                                span: 22..29,
                                name: "letters",
                            },
                        ),
                        inferred_type: None,
                    },
                ),
                declare: false,
            },
        ],
    },
)
