---
source: crates/crochet_parser/src/lib.rs
expression: "parse(\"foo();\")"
---
Ok(
    Program {
        body: [
            Expr {
                span: 0..6,
                expr: Expr {
                    span: 0..5,
                    kind: App(
                        App {
                            lam: Expr {
                                span: 0..3,
                                kind: Ident(
                                    Ident {
                                        span: 0..3,
                                        name: "foo",
                                    },
                                ),
                            },
                            args: [],
                        },
                    ),
                },
            },
        ],
    },
)
