---
source: crates/crochet_parser/src/lib.rs
expression: "parse(\"if (a) { 5 } else if (b) { 10 } else { 20 };\")"
---
Ok(
    Program {
        body: [
            Expr {
                span: 0..44,
                expr: Expr {
                    span: 0..43,
                    kind: IfElse(
                        IfElse {
                            cond: Expr {
                                span: 4..5,
                                kind: Ident(
                                    Ident {
                                        span: 4..5,
                                        name: "a",
                                    },
                                ),
                            },
                            consequent: Expr {
                                span: 9..10,
                                kind: Lit(
                                    Num(
                                        Num {
                                            span: 9..10,
                                            value: "5",
                                        },
                                    ),
                                ),
                            },
                            alternate: Some(
                                Expr {
                                    span: 18..43,
                                    kind: IfElse(
                                        IfElse {
                                            cond: Expr {
                                                span: 22..23,
                                                kind: Ident(
                                                    Ident {
                                                        span: 22..23,
                                                        name: "b",
                                                    },
                                                ),
                                            },
                                            consequent: Expr {
                                                span: 27..29,
                                                kind: Lit(
                                                    Num(
                                                        Num {
                                                            span: 27..29,
                                                            value: "10",
                                                        },
                                                    ),
                                                ),
                                            },
                                            alternate: Some(
                                                Expr {
                                                    span: 39..41,
                                                    kind: Lit(
                                                        Num(
                                                            Num {
                                                                span: 39..41,
                                                                value: "20",
                                                            },
                                                        ),
                                                    ),
                                                },
                                            ),
                                        },
                                    ),
                                },
                            ),
                        },
                    ),
                },
            },
        ],
    },
)
