---
source: crates/crochet_parser/src/lib.rs
expression: "parse(\"<Foo>{<Bar>{baz}</Bar>}</Foo>\")"
---
Ok(
    Program {
        body: [
            Expr {
                span: 0..29,
                expr: Expr {
                    span: 0..29,
                    kind: JSXElement(
                        JSXElement {
                            span: 0..29,
                            name: "Foo",
                            attrs: [],
                            children: [
                                JSXExprContainer(
                                    JSXExprContainer {
                                        span: 5..23,
                                        expr: Expr {
                                            span: 6..22,
                                            kind: JSXElement(
                                                JSXElement {
                                                    span: 6..22,
                                                    name: "Bar",
                                                    attrs: [],
                                                    children: [
                                                        JSXExprContainer(
                                                            JSXExprContainer {
                                                                span: 11..16,
                                                                expr: Expr {
                                                                    span: 12..15,
                                                                    kind: Ident(
                                                                        Ident {
                                                                            span: 12..15,
                                                                            name: "baz",
                                                                        },
                                                                    ),
                                                                },
                                                            },
                                                        ),
                                                    ],
                                                },
                                            ),
                                        },
                                    },
                                ),
                            ],
                        },
                    ),
                },
            },
        ],
    },
)
