---
source: crates/crochet_parser/src/lib.rs
expression: "parse(\"let tuple = [...a, b];\")"
---
Ok(
    Program {
        body: [
            VarDecl {
                span: 0..22,
                pattern: Ident(
                    BindingIdent {
                        span: 4..9,
                        id: Ident {
                            span: 4..9,
                            name: "tuple",
                        },
                    },
                ),
                type_ann: None,
                init: Some(
                    Expr {
                        span: 12..21,
                        kind: Tuple(
                            Tuple {
                                elems: [
                                    ExprOrSpread {
                                        spread: Some(
                                            13..17,
                                        ),
                                        expr: Expr {
                                            span: 16..17,
                                            kind: Ident(
                                                Ident {
                                                    span: 16..17,
                                                    name: "a",
                                                },
                                            ),
                                            inferred_type: None,
                                        },
                                    },
                                    ExprOrSpread {
                                        spread: None,
                                        expr: Expr {
                                            span: 19..20,
                                            kind: Ident(
                                                Ident {
                                                    span: 19..20,
                                                    name: "b",
                                                },
                                            ),
                                            inferred_type: None,
                                        },
                                    },
                                ],
                            },
                        ),
                        inferred_type: None,
                    },
                ),
                declare: false,
            },
        ],
    },
)
