---
source: crates/crochet_parser/src/lib.rs
expression: "parse(\"async () => 10;\")"
---
Ok(
    Program {
        body: [
            Expr {
                span: 0..15,
                expr: Expr {
                    span: 0..14,
                    kind: Lambda(
                        Lambda {
                            params: [],
                            body: Expr {
                                span: 12..14,
                                kind: Lit(
                                    Num(
                                        Num {
                                            span: 12..14,
                                            value: "10",
                                        },
                                    ),
                                ),
                            },
                            is_async: true,
                            return_type: None,
                            type_params: None,
                        },
                    ),
                },
            },
        ],
    },
)
