---
source: crates/crochet_parser/src/lib.rs
expression: "parse(\"let thunk_arr: (() => undefined)[] = [];\")"
---
Ok(
    Program {
        body: [
            VarDecl {
                span: 0..40,
                pattern: Ident(
                    BindingIdent {
                        span: 4..13,
                        id: Ident {
                            span: 4..13,
                            name: "thunk_arr",
                        },
                    },
                ),
                type_ann: Some(
                    Array(
                        ArrayType {
                            span: 15..34,
                            elem_type: Lam(
                                LamType {
                                    span: 16..31,
                                    params: [],
                                    ret: Keyword(
                                        KeywordType {
                                            span: 22..31,
                                            keyword: Undefined,
                                        },
                                    ),
                                    type_params: None,
                                },
                            ),
                        },
                    ),
                ),
                init: Some(
                    Expr {
                        span: 37..39,
                        kind: Tuple(
                            Tuple {
                                elems: [],
                            },
                        ),
                        inferred_type: None,
                    },
                ),
                declare: false,
            },
        ],
    },
)
