---
source: crates/crochet_parser/src/lib.rs
expression: "parse(\"<Foo>Hello</Foo>\")"
---
Ok(
    Program {
        body: [
            Expr {
                span: 0..16,
                expr: Expr {
                    span: 0..16,
                    kind: JSXElement(
                        JSXElement {
                            span: 0..16,
                            name: "Foo",
                            attrs: [],
                            children: [
                                JSXText(
                                    JSXText {
                                        span: 5..10,
                                        value: "Hello",
                                    },
                                ),
                            ],
                        },
                    ),
                },
            },
        ],
    },
)
