---
source: crates/escalier_parser/src/expr_parser.rs
expression: "parse(\"{ a: 1, b: 2 }\")"
---
Expr {
    kind: Object {
        properties: [
            Prop(
                Property {
                    key: Identifier(
                        "a",
                    ),
                    value: Expr {
                        kind: Literal(
                            Number(
                                "1",
                            ),
                        ),
                        span: 5..6,
                    },
                },
            ),
            Prop(
                Property {
                    key: Identifier(
                        "b",
                    ),
                    value: Expr {
                        kind: Literal(
                            Number(
                                "2",
                            ),
                        ),
                        span: 11..12,
                    },
                },
            ),
        ],
    },
    span: 0..14,
}
