---
source: crates/escalier_parser/src/type_ann_parser.rs
expression: "parse(\"false\")"
---
TypeAnn {
    kind: BoolLit(
        false,
    ),
    loc: SourceLocation {
        start: Position {
            line: 1,
            column: 1,
        },
        end: Position {
            line: 1,
            column: 6,
        },
    },
}
