---
source: crates/escalier_parser/src/expr_parser.rs
expression: "parse(\"false\")"
---
Expr {
    kind: Literal(
        Boolean(
            false,
        ),
    ),
    span: 0..5,
}
