---
source: crates/escalier_parser/src/expr_parser.rs
expression: "parse(\"1 + 2 + 3\")"
---
Binary(
    Binary {
        span: 0..9,
        left: Binary(
            Binary {
                span: 0..5,
                left: Num(
                    Num {
                        span: 0..1,
                        value: "1",
                    },
                ),
                op: Plus,
                right: Num(
                    Num {
                        span: 4..5,
                        value: "2",
                    },
                ),
            },
        ),
        op: Plus,
        right: Num(
            Num {
                span: 8..9,
                value: "3",
            },
        ),
    },
)
