---
source: crates/escalier_parser/src/stmt_parser.rs
expression: "parse(r#\"let y = m*x + b;\"#)"
---
[
    Stmt {
        kind: Let {
            pattern: Pattern {
                span: 4..5,
                kind: Ident(
                    BindingIdent {
                        name: "y",
                        span: 4..5,
                        mutable: false,
                    },
                ),
            },
            expr: Expr {
                kind: Binary {
                    left: Expr {
                        kind: Binary {
                            left: Expr {
                                kind: Identifier(
                                    "m",
                                ),
                                span: 8..9,
                            },
                            op: Times,
                            right: Expr {
                                kind: Identifier(
                                    "x",
                                ),
                                span: 10..11,
                            },
                        },
                        span: 8..11,
                    },
                    op: Plus,
                    right: Expr {
                        kind: Identifier(
                            "b",
                        ),
                        span: 14..15,
                    },
                },
                span: 8..15,
            },
            type_ann: None,
        },
        span: 0..15,
    },
]
