---
source: crates/escalier_parser/src/type_ann_parser.rs
expression: "parse(\"123\")"
---
TypeAnn {
    kind: NumLit(
        "123",
    ),
    span: 0..3,
    inferred_type: None,
}
