---
source: crates/escalier_parser/src/expr_parser.rs
expression: "parse(\"null\")"
---
Null(
    Null {
        span: 0..4,
    },
)
